Executing action: monitor
Running idf_monitor in directory /home/pl450b/Projects/biped_scoot
Executing "/home/pl450b/.espressif/python_env/idf5.2_py3.10_env/bin/python /home/pl450b/esp/esp-idf/tools/idf_monitor.py -p /dev/ttyUSB0 -b 115200 --toolchain-prefix xtensa-esp32-elf- --target esp32 --revision 0 /home/pl450b/Projects/biped_scoot/build/biped_scoot.elf -m '/home/pl450b/.espressif/python_env/idf5.2_py3.10_env/bin/python' '/home/pl450b/esp/esp-idf/tools/idf.py' '-p' '/dev/ttyUSB0'"...
ets Jul 29 2019 12:21:46

rst:0x1 (POWERON_RESET),boot:0x13 (SPI_FAST_FLASH_BOOT)
configsip: 0, SPIWP:0xee
clk_drv:0x00,q_drv:0x00,d_drv:0x00,cs0_drv:0x00,hd_drv:0x00,wp_drv:0x00
mode:DIO, clock div:2
load:0x3fff0030,len:7172
load:0x40078000,len:15540
load:0x40080400,len:4
ho 8 tail 4 room 4
load:0x40080404,len:3904
entry 0x40080640
[0;32mI (31) boot: ESP-IDF v5.2.3 2nd stage bootloader[0m
[0;32mI (31) boot: compile time Nov 29 2024 19:17:20[0m
[0;32mI (31) boot: Multicore bootloader[0m
[0;32mI (35) boot: chip revision: v3.0[0m
[0;32mI (39) boot.esp32: SPI Speed      : 40MHz[0m
[0;32mI (44) boot.esp32: SPI Mode       : DIO[0m
[0;32mI (48) boot.esp32: SPI Flash Size : 2MB[0m
[0;32mI (53) boot: Enabling RNG early entropy source...[0m
[0;32mI (58) boot: Partition Table:[0m
[0;32mI (62) boot: ## Label            Usage          Type ST Offset   Length[0m
[0;32mI (69) boot:  0 nvs              WiFi data        01 02 00009000 00006000[0m
[0;32mI (77) boot:  1 phy_init         RF data          01 01 0000f000 00001000[0m
[0;32mI (84) boot:  2 factory          factory app      00 00 00010000 00100000[0m
[0;32mI (92) boot: End of partition table[0m
[0;32mI (96) esp_image: segment 0: paddr=00010020 vaddr=3f400020 size=0b13ch ( 45372) map[0m
[0;32mI (120) esp_image: segment 1: paddr=0001b164 vaddr=3ffb0000 size=02274h (  8820) load[0m
[0;32mI (123) esp_image: segment 2: paddr=0001d3e0 vaddr=40080000 size=02c38h ( 11320) load[0m
[0;32mI (130) esp_image: segment 3: paddr=00020020 vaddr=400d0020 size=16afch ( 92924) map[0m
[0;32mI (166) esp_image: segment 4: paddr=00036b24 vaddr=40082c38 size=09904h ( 39172) load[0m
[0;32mI (188) boot: Loaded app from partition at offset 0x10000[0m
[0;32mI (188) boot: Disabling RNG early entropy source...[0m
[0;32mI (199) cpu_start: Multicore app[0m
[0;32mI (208) cpu_start: Pro cpu start user code[0m
[0;32mI (208) cpu_start: cpu freq: 160000000 Hz[0m
[0;32mI (208) cpu_start: Application information:[0m
[0;32mI (211) cpu_start: Project name:     biped_scoot[0m
[0;32mI (217) cpu_start: App version:      b19c46e-dirty[0m
[0;32mI (222) cpu_start: Compile time:     Nov 29 2024 19:17:16[0m
[0;32mI (228) cpu_start: ELF file SHA256:  3be09c1cf...[0m
[0;32mI (234) cpu_start: ESP-IDF:          v5.2.3[0m
[0;32mI (239) cpu_start: Min chip rev:     v0.0[0m
[0;32mI (243) cpu_start: Max chip rev:     v3.99 [0m
[0;32mI (248) cpu_start: Chip rev:         v3.0[0m
[0;32mI (253) heap_init: Initializing. RAM available for dynamic allocation:[0m
[0;32mI (260) heap_init: At 3FFAE6E0 len 00001920 (6 KiB): DRAM[0m
[0;32mI (266) heap_init: At 3FFB2B68 len 0002D498 (181 KiB): DRAM[0m
[0;32mI (272) heap_init: At 3FFE0440 len 00003AE0 (14 KiB): D/IRAM[0m
[0;32mI (279) heap_init: At 3FFE4350 len 0001BCB0 (111 KiB): D/IRAM[0m
[0;32mI (285) heap_init: At 4008C53C len 00013AC4 (78 KiB): IRAM[0m
[0;32mI (293) spi_flash: detected chip: generic[0m
[0;32mI (296) spi_flash: flash io: dio[0m
[0;33mW (300) spi_flash: Detected size(4096k) larger than the size in the binary image header(2048k). Using the size in the binary image header.[0m
[0;32mI (314) main_task: Started on CPU0[0m
[0;32mI (324) main_task: Calling app_main()[0m
[0;32mI (324) Robot: Create timer and operator[0m
[0;32mI (324) Robot: Connect timer and operator[0m
[0;32mI (324) Robot: Create comparator and generator from the operator[0m
[0;32mI (334) gpio: GPIO[32]| InputEn: 0| OutputEn: 1| OpenDrain: 0| Pullup: 0| Pulldown: 0| Intr:0 [0m
[0;32mI (344) Robot: Set generator action on timer and compare event[0m
[0;32mI (344) Robot: Connect timer and operator[0m
[0;32mI (354) Robot: Create comparator and generator from the operator[0m
[0;32mI (364) gpio: GPIO[27]| InputEn: 0| OutputEn: 1| OpenDrain: 0| Pullup: 0| Pulldown: 0| Intr:0 [0m
[0;32mI (374) Robot: Set generator action on timer and compare event[0m
[0;32mI (374) Robot: Connect timer and operator[0m
[0;32mI (384) Robot: Create comparator and generator from the operator[0m
[0;32mI (384) gpio: GPIO[33]| InputEn: 0| OutputEn: 1| OpenDrain: 0| Pullup: 0| Pulldown: 0| Intr:0 [0m
[0;32mI (394) Robot: Set generator action on timer and compare event[0m
[0;32mI (404) Robot: Connect timer and operator[0m
[0;32mI (404) Robot: Create comparator and generator from the operator[0m
[0;32mI (414) gpio: GPIO[26]| InputEn: 0| OutputEn: 1| OpenDrain: 0| Pullup: 0| Pulldown: 0| Intr:0 [0m
[0;32mI (424) Robot: Set generator action on timer and compare event[0m
[0;32mI (434) Robot: Enable and start timer[0m
[0;32mI (434) Robot: Click one hahaha[0m
[0;32mI (3434) Robot: Click two hahahaha[0m
ï¿½ets Jul 29 2019 12:21:46

rst:0x3 (SW_RESET),boot:0x13 (SPI_FAST_FLASH_BOOT)
configsip: 0, SPIWP:0xee
clk_drv:0x00,q_drv:0x00,d_drv:0x00,cs0_drv:0x00,hd_drv:0x00,wp_drv:0x00
mode:DIO, clock div:2
load:0x3fff0030,len:7172
load:0x40078000,len:15540
load:0x40080400,len:4
ho 8 tail 4 room 4
load:0x40080404,len:3904
entry 0x40080640
[0;32mI (60) boot: ESP-IDF v5.2.3 2nd stage bootloader[0m
[0;32mI (60) boot: compile time Nov 29 2024 19:17:20[0m
[0;32mI (60) boot: Multicore bootloader[0m
[0;32mI (65) boot: chip revision: v3.0[0m
[0;32mI (69) boot.esp32: SPI Speed      : 40MHz[0m
[0;32mI (73) boot.esp32: SPI Mode       : DIO[0m
[0;32mI (78) boot.esp32: SPI Flash Size : 2MB[0m
[0;32mI (83) boot: Enabling RNG early entropy source...[0m
[0;32mI (88) boot: Partition Table:[0m
[0;32mI (92) boot: ## Label            Usage          Type ST Offset   Length[0m
[0;32mI (99) boot:  0 nvs              WiFi data        01 02 00009000 00006000[0m
[0;32mI (106) boot:  1 phy_init         RF data          01 01 0000f000 00001000[0m
[0;32mI (114) boot:  2 factory          factory app      00 00 00010000 00100000[0m
[0;32mI (121) boot: End of partition table[0m
[0;32mI (126) esp_image: segment 0: paddr=00010020 vaddr=3f400020 size=0b13ch ( 45372) map[0m
[0;32mI (150) esp_image: segment 1: paddr=0001b164 vaddr=3ffb0000 size=02274h (  8820) load[0m
[0;32mI (153) esp_image: segment 2: paddr=0001d3e0 vaddr=40080000 size=02c38h ( 11320) load[0m
[0;32mI (160) esp_image: segment 3: paddr=00020020 vaddr=400d0020 size=16afch ( 92924) map[0m
[0;32mI (196) esp_image: segment 4: paddr=00036b24 vaddr=40082c38 size=09904h ( 39172) load[0m
[0;32mI (218) boot: Loaded app from partition at offset 0x10000[0m
[0;32mI (218) boot: Disabling RNG early entropy source...[0m
[0;32mI (229) cpu_start: Multicore app[0m
[0;32mI (238) cpu_start: Pro cpu start user code[0m
[0;32mI (239) cpu_start: cpu freq: 160000000 Hz[0m
[0;32mI (239) cpu_start: Application information:[0m
[0;32mI (242) cpu_start: Project name:     biped_scoot[0m
[0;32mI (247) cpu_start: App version:      b19c46e-dirty[0m
[0;32mI (252) cpu_start: Compile time:     Nov 29 2024 19:17:16[0m
[0;32mI (258) cpu_start: ELF file SHA256:  3be09c1cf...[0m
[0;32mI (264) cpu_start: ESP-IDF:          v5.2.3[0m
[0;32mI (269) cpu_start: Min chip rev:     v0.0[0m
[0;32mI (273) cpu_start: Max chip rev:     v3.99 [0m
[0;32mI (278) cpu_start: Chip rev:         v3.0[0m
[0;32mI (283) heap_init: Initializing. RAM available for dynamic allocation:[0m
[0;32mI (290) heap_init: At 3FFAE6E0 len 00001920 (6 KiB): DRAM[0m
[0;32mI (296) heap_init: At 3FFB2B68 len 0002D498 (181 KiB): DRAM[0m
[0;32mI (302) heap_init: At 3FFE0440 len 00003AE0 (14 KiB): D/IRAM[0m
[0;32mI (309) heap_init: At 3FFE4350 len 0001BCB0 (111 KiB): D/IRAM[0m
[0;32mI (315) heap_init: At 4008C53C len 00013AC4 (78 KiB): IRAM[0m
[0;32mI (323) spi_flash: detected chip: generic[0m
[0;32mI (326) spi_flash: flash io: dio[0m
[0;33mW (330) spi_flash: Detected size(4096k) larger than the size in the binary image header(2048k). Using the size in the binary image header.[0m
[0;32mI (344) main_task: Started on CPU0[0m
[0;32mI (354) main_task: Calling app_main()[0m
[0;32mI (354) Robot: Create timer and operator[0m
[0;32mI (354) Robot: Connect timer and operator[0m
[0;32mI (354) Robot: Create comparator and generator from the operator[0m
[0;32mI (364) gpio: GPIO[32]| InputEn: 0| OutputEn: 1| OpenDrain: 0| Pullup: 0| Pulldown: 0| Intr:0 [0m
[0;32mI (374) Robot: Set generator action on timer and compare event[0m
[0;32mI (374) Robot: Connect timer and operator[0m
[0;32mI (384) Robot: Create comparator and generator from the operator[0m
[0;32mI (394) gpio: GPIO[27]| InputEn: 0| OutputEn: 1| OpenDrain: 0| Pullup: 0| Pulldown: 0| Intr:0 [0m
[0;32mI (404) Robot: Set generator action on timer and compare event[0m
[0;32mI (404) Robot: Connect timer and operator[0m
[0;32mI (414) Robot: Create comparator and generator from the operator[0m
[0;32mI (414) gpio: GPIO[33]| InputEn: 0| OutputEn: 1| OpenDrain: 0| Pullup: 0| Pulldown: 0| Intr:0 [0m
[0;32mI (424) Robot: Set generator action on timer and compare event[0m
[0;32mI (434) Robot: Connect timer and operator[0m
[0;32mI (434) Robot: Create comparator and generator from the operator[0m
[0;32mI (444) gpio: GPIO[26]| InputEn: 0| OutputEn: 1| OpenDrain: 0| Pullup: 0| Pulldown: 0| Intr:0 [0m
[0;32mI (454) Robot: Set generator action on timer and compare event[0m
[0;32mI (464) Robot: Enable and start timer[0m
[0;32mI (464) Robot: Click one hahaha[0m
ï¿½ets Jul 29 2019 12:21:46

rst:0x3 (SW_RESET),boot:0x13 (SPI_FAST_FLASH_BOOT)
configsip: 0, SPIWP:0xee
clk_drv:0x00,q_drv:0x00,d_drv:0x00,cs0_drv:0x00,hd_drv:0x00,wp_drv:0x00
mode:DIO, clock div:2
load:0x3fff0030,len:7172
load:0x40078000,len:15540
load:0x40080400,len:4
ho 8 tail 4 room 4
load:0x40080404,len:3904
entry 0x40080640
[0;32mI (60) boot: ESP-IDF v5.2.3 2nd stage bootloader[0m
[0;32mI (60) boot: compile time Nov 29 2024 19:17:20[0m
[0;32mI (60) boot: Multicore bootloader[0m
[0;32mI (65) boot: chip revision: v3.0[0m
[0;32mI (69) boot.esp32: SPI Speed      : 40MHz[0m
[0;32mI (73) boot.esp32: SPI Mode       : DIO[0m
[0;32mI (78) boot.esp32: SPI Flash Size : 2MB[0m
[0;32mI (83) boot: Enabling RNG early entropy source...[0m
[0;32mI (88) boot: Partition Table:[0m
[0;32mI (92) boot: ## Label            Usage          Type ST Offset   Length[0m
[0;32mI (99) boot:  0 nvs              WiFi data        01 02 00009000 00006000[0m
[0;32mI (106) boot:  1 phy_init         RF data          01 01 0000f000 00001000[0m
[0;32mI (114) boot:  2 factory          factory app      00 00 00010000 00100000[0m
[0;32mI (121) boot: End of partition table[0m
[0;32mI (126) esp_image: segment 0: paddr=00010020 vaddr=3f400020 size=0b13ch ( 45372) map[0m
[0;32mI (150) esp_image: segment 1: paddr=0001b164 vaddr=3ffb0000 size=02274h (  8820) load[0m
[0;32mI (153) esp_image: segment 2: paddr=0001d3e0 vaddr=40080000 size=02c38h ( 11320) load[0m
[0;32mI (160) esp_image: segment 3: paddr=00020020 vaddr=400d0020 size=16afch ( 92924) map[0m
[0;32mI (196) esp_image: segment 4: paddr=00036b24 vaddr=40082c38 size=09904h ( 39172) load[0m
[0;32mI (218) boot: Loaded app from partition at offset 0x10000[0m
[0;32mI (218) boot: Disabling RNG early entropy source...[0m
[0;32mI (229) cpu_start: Multicore app[0m
[0;32mI (238) cpu_start: Pro cpu start user code[0m
[0;32mI (239) cpu_start: cpu freq: 160000000 Hz[0m
[0;32mI (239) cpu_start: Application information:[0m
[0;32mI (242) cpu_start: Project name:     biped_scoot[0m
[0;32mI (247) cpu_start: App version:      b19c46e-dirty[0m
[0;32mI (252) cpu_start: Compile time:     Nov 29 2024 19:17:16[0m
[0;32mI (258) cpu_start: ELF file SHA256:  3be09c1cf...[0m
[0;32mI (264) cpu_start: ESP-IDF:          v5.2.3[0m
[0;32mI (269) cpu_start: Min chip rev:     v0.0[0m
[0;32mI (273) cpu_start: Max chip rev:     v3.99 [0m
[0;32mI (278) cpu_start: Chip rev:         v3.0[0m
[0;32mI (283) heap_init: Initializing. RAM available for dynamic allocation:[0m
[0;32mI (290) heap_init: At 3FFAE6E0 len 00001920 (6 KiB): DRAM[0m
[0;32mI (296) heap_init: At 3FFB2B68 len 0002D498 (181 KiB): DRAM[0m
[0;32mI (302) heap_init: At 3FFE0440 len 00003AE0 (14 KiB): D/IRAM[0m
[0;32mI (309) heap_init: At 3FFE4350 len 0001BCB0 (111 KiB): D/IRAM[0m
[0;32mI (315) heap_init: At 4008C53C len 00013AC4 (78 KiB): IRAM[0m
[0;32mI (323) spi_flash: detected chip: generic[0m
[0;32mI (326) spi_flash: flash io: dio[0m
[0;33mW (330) spi_flash: Detected size(4096k) larger than the size in the binary image header(2048k). Using the size in the binary image header.[0m
[0;32mI (344) main_task: Started on CPU0[0m
[0;32mI (354) main_task: Calling app_main()[0m
[0;32mI (354) Robot: Create timer and operator[0m
[0;32mI (354) Robot: Connect timer and operator[0m
[0;32mI (354) Robot: Create comparator and generator from the operator[0m
[0;32mI (364) gpio: GPIO[32]| InputEn: 0| OutputEn: 1| OpenDrain: 0| Pullup: 0| Pulldown: 0| Intr:0 [0m
[0;32mI (374) Robot: Set generator action on timer and compare event[0m
[0;32mI (374) Robot: Connect timer and operator[0m
[0;32mI (384) Robot: Create comparator and generator from the operator[0m
[0;32mI (394) gpio: GPIO[27]| InputEn: 0| OutputEn: 1| OpenDrain: 0| Pullup: 0| Pulldown: 0| Intr:0 [0m
[0;32mI (404) Robot: Set generator action on timer and compare event[0m
[0;32mI (404) Robot: Connect timer and operator[0m
[0;32mI (414) Robot: Create comparator and generator from the operator[0m
[0;32mI (414) gpio: GPIO[33]| InputEn: 0| OutputEn: 1| OpenDrain: 0| Pullup: 0| Pulldown: 0| Intr:0 [0m
[0;32mI (424) Robot: Set generator action on timer and compare event[0m
[0;32mI (434) Robot: Connect timer and operator[0m
[0;32mI (434) Robot: Create comparator and generator from the operator[0m
[0;32mI (444) gpio: GPIO[26]| InputEn: 0| OutputEn: 1| OpenDrain: 0| Pullup: 0| Pulldown: 0| Intr:0 [0m
[0;32mI (454) Robot: Set generator action on timer and compare event[0m
[0;32mI (464) Robot: Enable and start timer[0m
[0;32mI (464) Robot: Click one hahaha[0m
[0;32mI (3464) Robot: Click two hahahaha[0m
[0;32mI (6464) Robot: Click one hahaha[0m
ï¿½ets Jul 29 2019 12:21:46

rst:0x3 (SW_RESET),boot:0x13 (SPI_FAST_FLASH_BOOT)
configsip: 0, SPIWP:0xee
clk_drv:0x00,q_drv:0x00,d_drv:0x00,cs0_drv:0x00,hd_drv:0x00,wp_drv:0x00
mode:DIO, clock div:2
load:0x3fff0030,len:7172
load:0x40078000,len:15540
load:0x40080400,len:4
ho 8 tail 4 room 4
load:0x40080404,len:3904
entry 0x40080640
[0;32mI (60) boot: ESP-IDF v5.2.3 2nd stage bootloader[0m
[0;32mI (60) boot: compile time Nov 29 2024 19:17:20[0m
[0;32mI (60) boot: Multicore bootloader[0m
[0;32mI (65) boot: chip revision: v3.0[0m
[0;32mI (69) boot.esp32: SPI Speed      : 40MHz[0m
[0;32mI (73) boot.esp32: SPI Mode       : DIO[0m
[0;32mI (78) boot.esp32: SPI Flash Size : 2MB[0m
[0;32mI (83) boot: Enabling RNG early entropy source...[0m
[0;32mI (88) boot: Partition Table:[0m
[0;32mI (92) boot: ## Label            Usage          Type ST Offset   Length[0m
[0;32mI (99) boot:  0 nvs              WiFi data        01 02 00009000 00006000[0m
[0;32mI (106) boot:  1 phy_init         RF data          01 01 0000f000 00001000[0m
[0;32mI (114) boot:  2 factory          factory app      00 00 00010000 00100000[0m
[0;32mI (121) boot: End of partition table[0m
[0;32mI (126) esp_image: segment 0: paddr=00010020 vaddr=3f400020 size=0b13ch ( 45372) map[0m
[0;32mI (150) esp_image: segment 1: paddr=0001b164 vaddr=3ffb0000 size=02274h (  8820) load[0m
[0;32mI (153) esp_image: segment 2: paddr=0001d3e0 vaddr=40080000 size=02c38h ( 11320) load[0m
[0;32mI (160) esp_image: segment 3: paddr=00020020 vaddr=400d0020 size=16afch ( 92924) map[0m
[0;32mI (196) esp_image: segment 4: paddr=00036b24 vaddr=40082c38 size=09904h ( 39172) load[0m
[0;32mI (218) boot: Loaded app from partition at offset 0x10000[0m
[0;32mI (218) boot: Disabling RNG early entropy source...[0m
[0;32mI (229) cpu_start: Multicore app[0m
[0;32mI (238) cpu_start: Pro cpu start user code[0m
[0;32mI (239) cpu_start: cpu freq: 160000000 Hz[0m
[0;32mI (239) cpu_start: Application information:[0m
[0;32mI (242) cpu_start: Project name:     biped_scoot[0m
[0;32mI (247) cpu_start: App version:      b19c46e-dirty[0m
[0;32mI (252) cpu_start: Compile time:     Nov 29 2024 19:17:16[0m
[0;32mI (258) cpu_start: ELF file SHA256:  3be09c1cf...[0m
[0;32mI (264) cpu_start: ESP-IDF:          v5.2.3[0m
[0;32mI (269) cpu_start: Min chip rev:     v0.0[0m
[0;32mI (273) cpu_start: Max chip rev:     v3.99 [0m
[0;32mI (278) cpu_start: Chip rev:         v3.0[0m
[0;32mI (283) heap_init: Initializing. RAM available for dynamic allocation:[0m
[0;32mI (290) heap_init: At 3FFAE6E0 len 00001920 (6 KiB): DRAM[0m
[0;32mI (296) heap_init: At 3FFB2B68 len 0002D498 (181 KiB): DRAM[0m
[0;32mI (302) heap_init: At 3FFE0440 len 00003AE0 (14 KiB): D/IRAM[0m
[0;32mI (309) heap_init: At 3FFE4350 len 0001BCB0 (111 KiB): D/IRAM[0m
[0;32mI (315) heap_init: At 4008C53C len 00013AC4 (78 KiB): IRAM[0m
[0;32mI (323) spi_flash: detected chip: generic[0m
[0;32mI (326) spi_flash: flash io: dio[0m
[0;33mW (330) spi_flash: Detected size(4096k) larger than the size in the binary image header(2048k). Using the size in the binary image header.[0m
[0;32mI (344) main_task: Started on CPU0[0m
[0;32mI (354) main_task: Calling app_main()[0m
[0;32mI (354) Robot: Create timer and operator[0m
[0;32mI (354) Robot: Connect timer and operator[0m
[0;32mI (354) Robot: Create comparator and generator from the operator[0m
[0;32mI (364) gpio: GPIO[32]| InputEn: 0| OutputEn: 1| OpenDrain: 0| Pullup: 0| Pulldown: 0| Intr:0 [0m
[0;32mI (374) Robot: Set generator action on timer and compare event[0m
[0;32mI (374) Robot: Connect timer and operator[0m
[0;32mI (384) Robot: Create comparator and generator from the operator[0m
[0;32mI (394) gpio: GPIO[27]| InputEn: 0| OutputEn: 1| OpenDrain: 0| Pullup: 0| Pulldown: 0| Intr:0 [0m
[0;32mI (404) Robot: Set generator action on timer and compare event[0m
[0;32mI (404) Robot: Connect timer and operator[0m
[0;32mI (414) Robot: Create comparator and generator from the operator[0m
[0;32mI (414) gpio: GPIO[33]| InputEn: 0| OutputEn: 1| OpenDrain: 0| Pullup: 0| Pulldown: 0| Intr:0 [0m
[0;32mI (424) Robot: Set generator action on timer and compare event[0m
[0;32mI (434) Robot: Connect timer and operator[0m
[0;32mI (434) Robot: Create comparator and generator from the operator[0m
[0;32mI (444) gpio: GPIO[26]| InputEn: 0| OutputEn: 1| OpenDrain: 0| Pullup: 0| Pulldown: 0| Intr:0 [0m
[0;32mI (454) Robot: Set generator action on timer and compare event[0m
[0;32mI (464) Robot: Enable and start timer[0m
[0;32mI (464) Robot: Click one hahaha[0m
ï¿½ets Jul 29 2019 12:21:46

rst:0x3 (SW_RESET),boot:0x13 (SPI_FAST_FLASH_BOOT)
configsip: 0, SPIWP:0xee
clk_drv:0x00,q_drv:0x00,d_drv:0x00,cs0_drv:0x00,hd_drv:0x00,wp_drv:0x00
mode:DIO, clock div:2
load:0x3fff0030,len:7172
load:0x40078000,len:15540
load:0x40080400,len:4
ho 8 tail 4 room 4
load:0x40080404,len:3904
entry 0x40080640
[0;32mI (60) boot: ESP-IDF v5.2.3 2nd stage bootloader[0m
[0;32mI (60) boot: compile time Nov 29 2024 19:17:20[0m
[0;32mI (60) boot: Multicore bootloader[0m
[0;32mI (65) boot: chip revision: v3.0[0m
[0;32mI (69) boot.esp32: SPI Speed      : 40MHz[0m
[0;32mI (73) boot.esp32: SPI Mode       : DIO[0m
[0;32mI (78) boot.esp32: SPI Flash Size : 2MB[0m
[0;32mI (83) boot: Enabling RNG early entropy source...[0m
[0;32mI (88) boot: Partition Table:[0m
[0;32mI (92) boot: ## Label            Usage          Type ST Offset   Length[0m
[0;32mI (99) boot:  0 nvs              WiFi data        01 02 00009000 00006000[0m
[0;32mI (106) boot:  1 phy_init         RF data          01 01 0000f000 00001000[0m
[0;32mI (114) boot:  2 factory          factory app      00 00 00010000 00100000[0m
[0;32mI (121) boot: End of partition table[0m
[0;32mI (126) esp_image: segment 0: paddr=00010020 vaddr=3f400020 size=0b13ch ( 45372) map[0m
[0;32mI (150) esp_image: segment 1: paddr=0001b164 vaddr=3ffb0000 size=02274h (  8820) load[0m
[0;32mI (153) esp_image: segment 2: paddr=0001d3e0 vaddr=40080000 size=02c38h ( 11320) load[0m
[0;32mI (160) esp_image: segment 3: paddr=00020020 vaddr=400d0020 size=16afch ( 92924) map[0m
[0;32mI (196) esp_image: segment 4: paddr=00036b24 vaddr=40082c38 size=09904h ( 39172) load[0m
[0;32mI (218) boot: Loaded app from partition at offset 0x10000[0m
[0;32mI (218) boot: Disabling RNG early entropy source...[0m
[0;32mI (229) cpu_start: Multicore app[0m
[0;32mI (238) cpu_start: Pro cpu start user code[0m
[0;32mI (239) cpu_start: cpu freq: 160000000 Hz[0m
[0;32mI (239) cpu_start: Application information:[0m
[0;32mI (242) cpu_start: Project name:     biped_scoot[0m
[0;32mI (247) cpu_start: App version:      b19c46e-dirty[0m
[0;32mI (252) cpu_start: Compile time:     Nov 29 2024 19:17:16[0m
[0;32mI (258) cpu_start: ELF file SHA256:  3be09c1cf...[0m
[0;32mI (264) cpu_start: ESP-IDF:          v5.2.3[0m
[0;32mI (269) cpu_start: Min chip rev:     v0.0[0m
[0;32mI (273) cpu_start: Max chip rev:     v3.99 [0m
[0;32mI (278) cpu_start: Chip rev:         v3.0[0m
[0;32mI (283) heap_init: Initializing. RAM available for dynamic allocation:[0m
[0;32mI (290) heap_init: At 3FFAE6E0 len 00001920 (6 KiB): DRAM[0m
[0;32mI (296) heap_init: At 3FFB2B68 len 0002D498 (181 KiB): DRAM[0m
[0;32mI (302) heap_init: At 3FFE0440 len 00003AE0 (14 KiB): D/IRAM[0m
[0;32mI (309) heap_init: At 3FFE4350 len 0001BCB0 (111 KiB): D/IRAM[0m
[0;32mI (315) heap_init: At 4008C53C len 00013AC4 (78 KiB): IRAM[0m
[0;32mI (323) spi_flash: detected chip: generic[0m
[0;32mI (326) spi_flash: flash io: dio[0m
[0;33mW (330) spi_flash: Detected size(4096k) larger than the size in the binary image header(2048k). Using the size in the binary image header.[0m
[0;32mI (344) main_task: Started on CPU0[0m
[0;32mI (354) main_task: Calling app_main()[0m
[0;32mI (354) Robot: Create timer and operator[0m
[0;32mI (354) Robot: Connect timer and operator[0m
[0;32mI (354) Robot: Create comparator and generator from the operator[0m
[0;32mI (364) gpio: GPIO[32]| InputEn: 0| OutputEn: 1| OpenDrain: 0| Pullup: 0| Pulldown: 0| Intr:0 [0m
[0;32mI (374) Robot: Set generator action on timer and compare event[0m
[0;32mI (374) Robot: Connect timer and operator[0m
[0;32mI (384) Robot: Create comparator and generator from the operator[0m
[0;32mI (394) gpio: GPIO[27]| InputEn: 0| OutputEn: 1| OpenDrain: 0| Pullup: 0| Pulldown: 0| Intr:0 [0m
[0;32mI (404) Robot: Set generator action on timer and compare event[0m
[0;32mI (404) Robot: Connect timer and operator[0m
[0;32mI (414) Robot: Create comparator and generator from the operator[0m
[0;32mI (414) gpio: GPIO[33]| InputEn: 0| OutputEn: 1| OpenDrain: 0| Pullup: 0| Pulldown: 0| Intr:0 [0m
[0;32mI (424) Robot: Set generator action on timer and compare event[0m
[0;32mI (434) Robot: Connect timer and operator[0m
[0;32mI (434) Robot: Create comparator and generator from the operator[0m
[0;32mI (444) gpio: GPIO[26]| InputEn: 0| OutputEn: 1| OpenDrain: 0| Pullup: 0| Pulldown: 0| Intr:0 [0m
[0;32mI (454) Robot: Set generator action on timer and compare event[0m
[0;32mI (464) Robot: Enable and start timer[0m
[0;32mI (464) Robot: Click one hahaha[0m
[0;32mI (3464) Robot: Click two hahahaha[0m
[0;32mI (6464) Robot: Click one hahaha[0m
ï¿½ets Jul 29 2019 12:21:46

rst:0x3 (SW_RESET),boot:0x13 (SPI_FAST_FLASH_BOOT)
configsip: 0, SPIWP:0xee
clk_drv:0x00,q_drv:0x00,d_drv:0x00,cs0_drv:0x00,hd_drv:0x00,wp_drv:0x00
mode:DIO, clock div:2
load:0x3fff0030,len:7172
load:0x40078000,len:15540
load:0x40080400,len:4
ho 8 tail 4 room 4
load:0x40080404,len:3904
entry 0x40080640
[0;32mI (60) boot: ESP-IDF v5.2.3 2nd stage bootloader[0m
[0;32mI (60) boot: compile time Nov 29 2024 19:17:20[0m
[0;32mI (60) boot: Multicore bootloader[0m
[0;32mI (65) boot: chip revision: v3.0[0m
[0;32mI (69) boot.esp32: SPI Speed      : 40MHz[0m
[0;32mI (73) boot.esp32: SPI Mode       : DIO[0m
[0;32mI (78) boot.esp32: SPI Flash Size : 2MB[0m
[0;32mI (83) boot: Enabling RNG early entropy source...[0m
[0;32mI (88) boot: Partition Table:[0m
[0;32mI (92) boot: ## Label            Usage          Type ST Offset   Length[0m
[0;32mI (99) boot:  0 nvs              WiFi data        01 02 00009000 00006000[0m
[0;32mI (106) boot:  1 phy_init         RF data          01 01 0000f000 00001000[0m
[0;32mI (114) boot:  2 factory          factory app      00 00 00010000 00100000[0m
[0;32mI (121) boot: End of partition table[0m
[0;32mI (126) esp_image: segment 0: paddr=00010020 vaddr=3f400020 size=0b13ch ( 45372) map[0m
[0;32mI (150) esp_image: segment 1: paddr=0001b164 vaddr=3ffb0000 size=02274h (  8820) load[0m
[0;32mI (153) esp_image: segment 2: paddr=0001d3e0 vaddr=40080000 size=02c38h ( 11320) load[0m
[0;32mI (160) esp_image: segment 3: paddr=00020020 vaddr=400d0020 size=16afch ( 92924) map[0m
[0;32mI (196) esp_image: segment 4: paddr=00036b24 vaddr=40082c38 size=09904h ( 39172) load[0m
[0;32mI (218) boot: Loaded app from partition at offset 0x10000[0m
[0;32mI (218) boot: Disabling RNG early entropy source...[0m
[0;32mI (229) cpu_start: Multicore app[0m
[0;32mI (238) cpu_start: Pro cpu start user code[0m
[0;32mI (239) cpu_start: cpu freq: 160000000 Hz[0m
[0;32mI (239) cpu_start: Application information:[0m
[0;32mI (242) cpu_start: Project name:     biped_scoot[0m
[0;32mI (247) cpu_start: App version:      b19c46e-dirty[0m
[0;32mI (252) cpu_start: Compile time:     Nov 29 2024 19:17:16[0m
[0;32mI (258) cpu_start: ELF file SHA256:  3be09c1cf...[0m
[0;32mI (264) cpu_start: ESP-IDF:          v5.2.3[0m
[0;32mI (269) cpu_start: Min chip rev:     v0.0[0m
[0;32mI (273) cpu_start: Max chip rev:     v3.99 [0m
[0;32mI (278) cpu_start: Chip rev:         v3.0[0m
[0;32mI (283) heap_init: Initializing. RAM available for dynamic allocation:[0m
[0;32mI (290) heap_init: At 3FFAE6E0 len 00001920 (6 KiB): DRAM[0m
[0;32mI (296) heap_init: At 3FFB2B68 len 0002D498 (181 KiB): DRAM[0m
[0;32mI (302) heap_init: At 3FFE0440 len 00003AE0 (14 KiB): D/IRAM[0m
[0;32mI (309) heap_init: At 3FFE4350 len 0001BCB0 (111 KiB): D/IRAM[0m
[0;32mI (315) heap_init: At 4008C53C len 00013AC4 (78 KiB): IRAM[0m
[0;32mI (323) spi_flash: detected chip: generic[0m
[0;32mI (326) spi_flash: flash io: dio[0m
[0;33mW (330) spi_flash: Detected size(4096k) larger than the size in the binary image header(2048k). Using the size in the binary image header.[0m
[0;32mI (344) main_task: Started on CPU0[0m
[0;32mI (354) main_task: Calling app_main()[0m
[0;32mI (354) Robot: Create timer and operator[0m
[0;32mI (354) Robot: Connect timer and operator[0m
[0;32mI (354) Robot: Create comparator and generator from the operator[0m
[0;32mI (364) gpio: GPIO[32]| InputEn: 0| OutputEn: 1| OpenDrain: 0| Pullup: 0| Pulldown: 0| Intr:0 [0m
[0;32mI (374) Robot: Set generator action on timer and compare event[0m
[0;32mI (374) Robot: Connect timer and operator[0m
[0;32mI (384) Robot: Create comparator and generator from the operator[0m
[0;32mI (394) gpio: GPIO[27]| InputEn: 0| OutputEn: 1| OpenDrain: 0| Pullup: 0| Pulldown: 0| Intr:0 [0m
[0;32mI (404) Robot: Set generator action on timer and compare event[0m
[0;32mI (404) Robot: Connect timer and operator[0m
[0;32mI (414) Robot: Create comparator and generator from the operator[0m
[0;32mI (414) gpio: GPIO[33]| InputEn: 0| OutputEn: 1| OpenDrain: 0| Pullup: 0| Pulldown: 0| Intr:0 [0m
[0;32mI (424) Robot: Set generator action on timer and compare event[0m
[0;32mI (434) Robot: Connect timer and operator[0m
[0;32mI (434) Robot: Create comparator and generator from the operator[0m
[0;32mI (444) gpio: GPIO[26]| InputEn: 0| OutputEn: 1| OpenDrain: 0| Pullup: 0| Pulldown: 0| Intr:0 [0m
[0;32mI (454) Robot: Set generator action on timer and compare event[0m
[0;32mI (464) Robot: Enable and start timer[0m
[0;32mI (464) Robot: Click one hahaha[0m
[0;32mI (3464) Robot: Click two hahahaha[0m
ï¿½ets Jul 29 2019 12:21:46

rst:0x3 (SW_RESET),boot:0x13 (SPI_FAST_FLASH_BOOT)
configsip: 0, SPIWP:0xee
clk_drv:0x00,q_drv:0x00,d_drv:0x00,cs0_drv:0x00,hd_drv:0x00,wp_drv:0x00
mode:DIO, clock div:2
load:0x3fff0030,len:7172
load:0x40078000,len:15540
load:0x40080400,len:4
ho 8 tail 4 room 4
load:0x40080404,len:3904
entry 0x40080640
[0;32mI (60) boot: ESP-IDF v5.2.3 2nd stage bootloader[0m
[0;32mI (60) boot: compile time Nov 29 2024 19:17:20[0m
[0;32mI (60) boot: Multicore bootloader[0m
[0;32mI (65) boot: chip revision: v3.0[0m
[0;32mI (69) boot.esp32: SPI Speed      : 40MHz[0m
[0;32mI (73) boot.esp32: SPI Mode       : DIO[0m
[0;32mI (78) boot.esp32: SPI Flash Size : 2MB[0m
[0;32mI (83) boot: Enabling RNG early entropy source...[0m
[0;32mI (88) boot: Partition Table:[0m
[0;32mI (92) boot: ## Label            Usage          Type ST Offset   Length[0m
[0;32mI (99) boot:  0 nvs              WiFi data        01 02 00009000 00006000[0m
[0;32mI (106) boot:  1 phy_init         RF data          01 01 0000f000 00001000[0m
[0;32mI (114) boot:  2 factory          factory app      00 00 00010000 00100000[0m
[0;32mI (121) boot: End of partition table[0m
[0;32mI (126) esp_image: segment 0: paddr=00010020 vaddr=3f400020 size=0b13ch ( 45372) map[0m
[0;32mI (150) esp_image: segment 1: paddr=0001b164 vaddr=3ffb0000 size=02274h (  8820) load[0m
[0;32mI (153) esp_image: segment 2: paddr=0001d3e0 vaddr=40080000 size=02c38h ( 11320) load[0m
[0;32mI (160) esp_image: segment 3: paddr=00020020 vaddr=400d0020 size=16afch ( 92924) map[0m
[0;32mI (196) esp_image: segment 4: paddr=00036b24 vaddr=40082c38 size=09904h ( 39172) load[0m
[0;32mI (218) boot: Loaded app from partition at offset 0x10000[0m
[0;32mI (218) boot: Disabling RNG early entropy source...[0m
[0;32mI (229) cpu_start: Multicore app[0m
[0;32mI (238) cpu_start: Pro cpu start user code[0m
[0;32mI (239) cpu_start: cpu freq: 160000000 Hz[0m
[0;32mI (239) cpu_start: Application information:[0m
[0;32mI (242) cpu_start: Project name:     biped_scoot[0m
[0;32mI (247) cpu_start: App version:      b19c46e-dirty[0m
[0;32mI (252) cpu_start: Compile time:     Nov 29 2024 19:17:16[0m
[0;32mI (258) cpu_start: ELF file SHA256:  3be09c1cf...[0m
[0;32mI (264) cpu_start: ESP-IDF:          v5.2.3[0m
[0;32mI (269) cpu_start: Min chip rev:     v0.0[0m
[0;32mI (273) cpu_start: Max chip rev:     v3.99 [0m
[0;32mI (278) cpu_start: Chip rev:         v3.0[0m
[0;32mI (283) heap_init: Initializing. RAM available for dynamic allocation:[0m
[0;32mI (290) heap_init: At 3FFAE6E0 len 00001920 (6 KiB): DRAM[0m
[0;32mI (296) heap_init: At 3FFB2B68 len 0002D498 (181 KiB): DRAM[0m
[0;32mI (302) heap_init: At 3FFE0440 len 00003AE0 (14 KiB): D/IRAM[0m
[0;32mI (309) heap_init: At 3FFE4350 len 0001BCB0 (111 KiB): D/IRAM[0m
[0;32mI (315) heap_init: At 4008C53C len 00013AC4 (78 KiB): IRAM[0m
[0;32mI (323) spi_flash: detected chip: generic[0m
[0;32mI (326) spi_flash: flash io: dio[0m
[0;33mW (330) spi_flash: Detected size(4096k) larger than the size in the binary image header(2048k). Using the size in the binary image header.[0m
[0;32mI (344) main_task: Started on CPU0[0m
[0;32mI (354) main_task: Calling app_main()[0m
[0;32mI (354) Robot: Create timer and operator[0m
[0;32mI (354) Robot: Connect timer and operator[0m
[0;32mI (354) Robot: Create comparator and generator from the operator[0m
[0;32mI (364) gpio: GPIO[32]| InputEn: 0| OutputEn: 1| OpenDrain: 0| Pullup: 0| Pulldown: 0| Intr:0 [0m
[0;32mI (374) Robot: Set generator action on timer and compare event[0m
[0;32mI (374) Robot: Connect timer and operator[0m
[0;32mI (384) Robot: Create comparator and generator from the operator[0m
[0;32mI (394) gpio: GPIO[27]| InputEn: 0| OutputEn: 1| OpenDrain: 0| Pullup: 0| Pulldown: 0| Intr:0 [0m
[0;32mI (404) Robot: Set generator action on timer and compare event[0m
[0;32mI (404) Robot: Connect timer and operator[0m
[0;32mI (414) Robot: Create comparator and generator from the operator[0m
[0;32mI (414) gpio: GPIO[33]| InputEn: 0| OutputEn: 1| OpenDrain: 0| Pullup: 0| Pulldown: 0| Intr:0 [0m
[0;32mI (424) Robot: Set generator action on timer and compare event[0m
[0;32mI (434) Robot: Connect timer and operator[0m
[0;32mI (434) Robot: Create comparator and generator from the operator[0m
[0;32mI (444) gpio: GPIO[26]| InputEn: 0| OutputEn: 1| OpenDrain: 0| Pullup: 0| Pulldown: 0| Intr:0 [0m
[0;32mI (454) Robot: Set generator action on timer and compare event[0m
[0;32mI (464) Robot: Enable and start timer[0m
[0;32mI (464) Robot: Click one hahaha[0m
ï¿½ets Jul 29 2019 12:21:46

rst:0x3 (SW_RESET),boot:0x13 (SPI_FAST_FLASH_BOOT)
configsip: 0, SPIWP:0xee
clk_drv:0x00,q_drv:0x00,d_drv:0x00,cs0_drv:0x00,hd_drv:0x00,wp_drv:0x00
mode:DIO, clock div:2
load:0x3fff0030,len:7172
load:0x40078000,len:15540
load:0x40080400,len:4
ho 8 tail 4 room 4
load:0x40080404,len:3904
entry 0x40080640
[0;32mI (60) boot: ESP-IDF v5.2.3 2nd stage bootloader[0m
[0;32mI (60) boot: compile time Nov 29 2024 19:17:20[0m
[0;32mI (60) boot: Multicore bootloader[0m
[0;32mI (65) boot: chip revision: v3.0[0m
[0;32mI (69) boot.esp32: SPI Speed      : 40MHz[0m
[0;32mI (73) boot.esp32: SPI Mode       : DIO[0m
[0;32mI (78) boot.esp32: SPI Flash Size : 2MB[0m
[0;32mI (83) boot: Enabling RNG early entropy source...[0m
[0;32mI (88) boot: Partition Table:[0m
[0;32mI (92) boot: ## Label            Usage          Type ST Offset   Length[0m
[0;32mI (99) boot:  0 nvs              WiFi data        01 02 00009000 00006000[0m
[0;32mI (106) boot:  1 phy_init         RF data          01 01 0000f000 00001000[0m
[0;32mI (114) boot:  2 factory          factory app      00 00 00010000 00100000[0m
[0;32mI (121) boot: End of partition table[0m
[0;32mI (126) esp_image: segment 0: paddr=00010020 vaddr=3f400020 size=0b13ch ( 45372) map[0m
[0;32mI (150) esp_image: segment 1: paddr=0001b164 vaddr=3ffb0000 size=02274h (  8820) load[0m
[0;32mI (153) esp_image: segment 2: paddr=0001d3e0 vaddr=40080000 size=02c38h ( 11320) load[0m
[0;32mI (160) esp_image: segment 3: paddr=00020020 vaddr=400d0020 size=16afch ( 92924) map[0m
[0;32mI (196) esp_image: segment 4: paddr=00036b24 vaddr=40082c38 size=09904h ( 39172) load[0m
[0;32mI (218) boot: Loaded app from partition at offset 0x10000[0m
[0;32mI (218) boot: Disabling RNG early entropy source...[0m
[0;32mI (229) cpu_start: Multicore app[0m
[0;32mI (238) cpu_start: Pro cpu start user code[0m
[0;32mI (239) cpu_start: cpu freq: 160000000 Hz[0m
[0;32mI (239) cpu_start: Application information:[0m
[0;32mI (242) cpu_start: Project name:     biped_scoot[0m
[0;32mI (247) cpu_start: App version:      b19c46e-dirty[0m
[0;32mI (252) cpu_start: Compile time:     Nov 29 2024 19:17:16[0m
[0;32mI (258) cpu_start: ELF file SHA256:  3be09c1cf...[0m
[0;32mI (264) cpu_start: ESP-IDF:          v5.2.3[0m
[0;32mI (269) cpu_start: Min chip rev:     v0.0[0m
[0;32mI (273) cpu_start: Max chip rev:     v3.99 [0m
[0;32mI (278) cpu_start: Chip rev:         v3.0[0m
[0;32mI (283) heap_init: Initializing. RAM available for dynamic allocation:[0m
[0;32mI (290) heap_init: At 3FFAE6E0 len 00001920 (6 KiB): DRAM[0m
[0;32mI (296) heap_init: At 3FFB2B68 len 0002D498 (181 KiB): DRAM[0m
[0;32mI (302) heap_init: At 3FFE0440 len 00003AE0 (14 KiB): D/IRAM[0m
[0;32mI (309) heap_init: At 3FFE4350 len 0001BCB0 (111 KiB): D/IRAM[0m
[0;32mI (315) heap_init: At 4008C53C len 00013AC4 (78 KiB): IRAM[0m
[0;32mI (323) spi_flash: detected chip: generic[0m
[0;32mI (326) spi_flash: flash io: dio[0m
[0;33mW (330) spi_flash: Detected size(4096k) larger than the size in the binary image header(2048k). Using the size in the binary image header.[0m
[0;32mI (344) main_task: Started on CPU0[0m
[0;32mI (354) main_task: Calling app_main()[0m
[0;32mI (354) Robot: Create timer and operator[0m
[0;32mI (354) Robot: Connect timer and operator[0m
[0;32mI (354) Robot: Create comparator and generator from the operator[0m
[0;32mI (364) gpio: GPIO[32]| InputEn: 0| OutputEn: 1| OpenDrain: 0| Pullup: 0| Pulldown: 0| Intr:0 [0m
[0;32mI (374) Robot: Set generator action on timer and compare event[0m
[0;32mI (374) Robot: Connect timer and operator[0m
[0;32mI (384) Robot: Create comparator and generator from the operator[0m
[0;32mI (394) gpio: GPIO[27]| InputEn: 0| OutputEn: 1| OpenDrain: 0| Pullup: 0| Pulldown: 0| Intr:0 [0m
[0;32mI (404) Robot: Set generator action on timer and compare event[0m
[0;32mI (404) Robot: Connect timer and operator[0m
[0;32mI (414) Robot: Create comparator and generator from the operator[0m
[0;32mI (414) gpio: GPIO[33]| InputEn: 0| OutputEn: 1| OpenDrain: 0| Pullup: 0| Pulldown: 0| Intr:0 [0m
[0;32mI (424) Robot: Set generator action on timer and compare event[0m
[0;32mI (434) Robot: Connect timer and operator[0m
[0;32mI (434) Robot: Create comparator and generator from the operator[0m
[0;32mI (444) gpio: GPIO[26]| InputEn: 0| OutputEn: 1| OpenDrain: 0| Pullup: 0| Pulldown: 0| Intr:0 [0m
[0;32mI (454) Robot: Set generator action on timer and compare event[0m
[0;32mI (464) Robot: Enable and start timer[0m
[0;32mI (464) Robot: Click one hahaha[0m
